                                 Started job on |	Sep 26 07:00:55
                             Started mapping on |	Sep 26 07:01:23
                                    Finished on |	Sep 26 07:02:07
       Mapping speed, Million of reads per hour |	1292.74

                          Number of input reads |	15800127
                      Average input read length |	150
                                    UNIQUE READS:
                   Uniquely mapped reads number |	14610289
                        Uniquely mapped reads % |	92.47%
                          Average mapped length |	149.12
                       Number of splices: Total |	7889044
            Number of splices: Annotated (sjdb) |	7829975
                       Number of splices: GT/AG |	7812703
                       Number of splices: GC/AG |	61177
                       Number of splices: AT/AC |	6836
               Number of splices: Non-canonical |	8328
                      Mismatch rate per base, % |	0.43%
                         Deletion rate per base |	0.01%
                        Deletion average length |	1.46
                        Insertion rate per base |	0.01%
                       Insertion average length |	1.25
                             MULTI-MAPPING READS:
        Number of reads mapped to multiple loci |	898248
             % of reads mapped to multiple loci |	5.69%
        Number of reads mapped to too many loci |	4092
             % of reads mapped to too many loci |	0.03%
                                  UNMAPPED READS:
  Number of reads unmapped: too many mismatches |	0
       % of reads unmapped: too many mismatches |	0.00%
            Number of reads unmapped: too short |	285360
                 % of reads unmapped: too short |	1.81%
                Number of reads unmapped: other |	2138
                     % of reads unmapped: other |	0.01%
                                  CHIMERIC READS:
                       Number of chimeric reads |	0
                            % of chimeric reads |	0.00%
